<html>
<body>
<pre>
<h1>µVision Build Log</h1>
<h2>Tool Versions:</h2>
IDE-Version: ¦ÌVision V5.37.0.0
Copyright (C) 2022 ARM Ltd and ARM Germany GmbH. All rights reserved.
License Information: adf lenovo, asdf, LIC=SDA0P-M2FR5-2ZEW4-FP7SA-M93MF-9WGIT
 
Tool Versions:
Toolchain:       MDK-ARM Plus  Version: 5.37.0.0
Toolchain Path:  D:\Softwares\Keil5\ARM\ARM_Compiler_5.06u7\Bin
C Compiler:      Armcc.exe V5.06 update 7 (build 960)
Assembler:       Armasm.exe V5.06 update 7 (build 960)
Linker/Locator:  ArmLink.exe V5.06 update 7 (build 960)
Library Manager: ArmAr.exe V5.06 update 7 (build 960)
Hex Converter:   FromElf.exe V5.06 update 7 (build 960)
CPU DLL:         SARMCM3.DLL V5.37.0.0
Dialog DLL:      DCM.DLL V1.17.5.0
Target DLL:      CMSIS_AGDI.dll V1.33.12.0
Dialog DLL:      TCM.DLL V1.56.1.0
 
<h2>Project:</h2>
d:\MyWorks\Programs\Github\TI2019D\TI2019D_STM32\MDK-ARM\TI2019D_STM32.uvprojx
Project File Date:  07/04/2023

<h2>Output:</h2>
*** Using Compiler 'V5.06 update 7 (build 960)', folder: 'D:\Softwares\Keil5\ARM\ARM_Compiler_5.06u7\Bin'
Build target 'TI2019D_STM32'
compiling adc.c...
../Core/Src/adc.c(215): warning:  #177-D: variable "Ai"  was declared but never referenced
    uint32_t Ai = 0, Ao = 0, A = 0;
../Core/Src/adc.c(215): warning:  #177-D: variable "Ao"  was declared but never referenced
    uint32_t Ai = 0, Ao = 0, A = 0;
../Core/Src/adc.c(215): warning:  #177-D: variable "A"  was declared but never referenced
    uint32_t Ai = 0, Ao = 0, A = 0;
../Core/Src/adc.c: 3 warnings, 0 errors
compiling AD9833.c...
compiling tim.c...
compiling main.c...
../Core/Src/main.c(52): warning:  #177-D: variable "f"  was declared but never referenced
  static uint32_t f = 1;
../Core/Src/main.c(53): warning:  #177-D: variable "data_to_send"  was declared but never referenced
  static uint8_t data_to_send[] = {0xA3, 0xFD, 0x3A, 0xDF};
../Core/Src/main.c: 2 warnings, 0 errors
compiling stm32f4xx_hal_msp.c...
compiling dac.c...
compiling gpio.c...
compiling usart.c...
compiling dma.c...
compiling stm32f4xx_it.c...
compiling USART_HMI.c...
linking...
Program Size: Code=22588 RO-data=808 RW-data=152 ZI-data=6008  
FromELF: creating hex file...
"TI2019D_STM32\TI2019D_STM32.axf" - 0 Error(s), 5 Warning(s).

<h2>Software Packages used:</h2>

Package Vendor: ARM
                http://www.keil.com/pack/ARM.CMSIS.5.9.0.pack
                ARM.CMSIS.5.9.0
                CMSIS (Common Microcontroller Software Interface Standard)
   * Component: CORE Version: 5.6.0

Package Vendor: Keil
                http://www.keil.com/pack/Keil.STM32F4xx_DFP.2.16.0.pack
                Keil.STM32F4xx_DFP.2.16.0
                STMicroelectronics STM32F4 Series Device Support, Drivers and Examples

<h2>Collection of Component include folders:</h2>
  ./RTE/_TI2019D_STM32
  D:/SoftwareDocuments/Keil5Pack/ARM/CMSIS/5.9.0/CMSIS/Core/Include
  D:/SoftwareDocuments/Keil5Pack/Keil/STM32F4xx_DFP/2.16.0/Drivers/CMSIS/Device/ST/STM32F4xx/Include

<h2>Collection of Component Files used:</h2>

   * Component: ARM::CMSIS:CORE:5.6.0
      Include file:  CMSIS/Core/Include/tz_context.h
Build Time Elapsed:  00:00:05
</pre>
</body>
</html>
